[gtbucks.best/index.html]
[backblue.gif]
[fade.gif]
[index.html]
[gtbucks.best/images/fav.html]
[gtbucks.best/images/frt.jpg]
[gtbucks.best/images/css8a7c8a7c8a7c8a7c8a7c.css]
[gtbucks.best/images/font-awesome.min.css]
[gtbucks.best/images/bootstrap.min.css]
[gtbucks.best/images/animate.css]
[gtbucks.best/images/sweetalert2.min.css]
[gtbucks.best/images/magnific-popup.css]
[gtbucks.best/images/fancyselect.css]
[gtbucks.best/images/style.css]
[gtbucks.best/images/logo.png]
[gtbucks.best/images/V-bucks.png]
[gtbucks.best/images/jquery.min.js]
[gtbucks.best/images/fancyselect.js]
[gtbucks.best/images/jquery.countto.js]
[gtbucks.best/images/sweetalert2.min.js]
[gtbucks.best/images/validator.min.js]
[gtbucks.best/images/jquery-ui.min.js]
[gtbucks.best/images/form-scripts.js]
[gtbucks.best/images/jquery.magnific-popup.min.js]
[gtbucks.best/images/sticky.js]
[gtbucks.best/images/jquery.fitvids.js]
[gtbucks.best/s10.histats.com/js15_as.js]
[gtbucks.best/index-2.html]
[gtbucks.best/images/main.js]
[gtbucks.best/index.html]
[gtbucks.best/images/fav.html]
[gtbucks.best/images/css8a7c8a7c8a7c8a7c8a7c.css]
[gtbucks.best/images/font-awesome.min.css]
[gtbucks.best/images/bootstrap.min.css]
[gtbucks.best/images/animate.css]
[gtbucks.best/images/sweetalert2.min.css]
[gtbucks.best/images/magnific-popup.css]
[gtbucks.best/images/fancyselect.css]
[gtbucks.best/images/bebasneue_bold-webfont.woff]
[gtbucks.best/images/bebasneue_regular-webfont.html]
[gtbucks.best/images/bebasneue_regular-webfont.woff]
[gtbucks.best/images/et-line.html]
[gtbucks.best/images/et-line.woff]
[gtbucks.best/images/main-bg.jpg]
[gtbucks.best/images/panel-overlay.png]
[gtbucks.best/images/smallbtnbg-r.png]
[gtbucks.best/images/smallbtnbg.png]
[gtbucks.best/images/smallbtnbg-bw.html]
[gtbucks.best/images/smallbtnbg-r-bw.html]
[gtbucks.best/images/button-dot.png]
[gtbucks.best/images/btn-img.png]
[gtbucks.best/images/ft-coins.png]
[gtbucks.best/images/ft-points.png]
[gtbucks.best/images/style.css]
[gtbucks.best/s10.histats.com/js15_as.html]
[gtbucks.best/index-2.html]
[gtbucks.best/sstatic1.histats.com/03d6d3d6d.html]
[gtbucks.best/images/fontawesome-webfont32953295329532953295.html]
[gtbucks.best/images/glyphicons-halflings-regular.html]
[gtbucks.best/images/glyphicons-halflings-regulard41dd41dd41dd41dd41dd41dd41d.html]
[gtbucks.best/glyphicons-halflings-regular.html]
[gtbucks.best/images/glyphicons-halflings-regular-2.html]
[gtbucks.best/images/glyphicons-halflings-regular-3.html]
[gtbucks.best/images/glyphicons-halflings-regular-4.html]
[gtbucks.best/images/bebasneue_bold-webfont.html]
[gtbucks.best/images/bebasneue_bold-webfontd41dd41dd41dd41dd41dd41dd41d.html]
[gtbucks.best/bebasneue_bold-webfont.html]
[gtbucks.best/images/bebasneue_bold-webfont-2.html]
[gtbucks.best/images/bebasneue_regular-webfont.html]
[gtbucks.best/images/bebasneue_regular-webfontd41dd41dd41dd41dd41dd41dd41d.html]
[gtbucks.best/bebasneue_regular-webfont.html]
[gtbucks.best/images/bebasneue_regular-webfont-2.html]
[gtbucks.best/images/et-line.html]
[gtbucks.best/images/et-lined41dd41dd41dd41dd41dd41dd41d.html]
[gtbucks.best/images/et-line-2.html]
[gtbucks.best/images/et-line-3.html]
[gtbucks.best/images/pr-l.html]
[gtbucks.best/images/pr-r.html]
[gtbucks.best/images/smallbtnbg-bw.html]
[gtbucks.best/images/smallbtnbg-r-bw.html]
